// Jest Snapshot v1, https://goo.gl/fbAQLP

exports[`<NotFound /> renders the NotFound component correctly 1`] = `
ShallowWrapper {
  Symbol(enzyme.__root__): [Circular],
  Symbol(enzyme.__unrendered__): <NotFound />,
  Symbol(enzyme.__renderer__): Object {
    "batchedUpdates": [Function],
    "checkPropTypes": [Function],
    "getNode": [Function],
    "render": [Function],
    "simulateError": [Function],
    "simulateEvent": [Function],
    "unmount": [Function],
  },
  Symbol(enzyme.__node__): Object {
    "instance": null,
    "key": undefined,
    "nodeType": "host",
    "props": Object {
      "children": Array [
        <img
          className="notfound"
          src="test-file-stub"
        />,
        <div
          className="text-center"
        >
          <Link
            replace={false}
            to="/dashboard"
          >
            <button
              className="button_1 text-center"
            >
              Back To Dashboard
            </button>
          </Link>
        </div>,
      ],
      "className": "text-center",
    },
    "ref": null,
    "rendered": Array [
      Object {
        "instance": null,
        "key": undefined,
        "nodeType": "host",
        "props": Object {
          "className": "notfound",
          "src": "test-file-stub",
        },
        "ref": null,
        "rendered": null,
        "type": "img",
      },
      Object {
        "instance": null,
        "key": undefined,
        "nodeType": "host",
        "props": Object {
          "children": <Link
            replace={false}
            to="/dashboard"
          >
            <button
              className="button_1 text-center"
            >
              Back To Dashboard
            </button>
          </Link>,
          "className": "text-center",
        },
        "ref": null,
        "rendered": Object {
          "instance": null,
          "key": undefined,
          "nodeType": "class",
          "props": Object {
            "children": <button
              className="button_1 text-center"
            >
              Back To Dashboard
            </button>,
            "replace": false,
            "to": "/dashboard",
          },
          "ref": null,
          "rendered": Object {
            "instance": null,
            "key": undefined,
            "nodeType": "host",
            "props": Object {
              "children": "Back To Dashboard",
              "className": "button_1 text-center",
            },
            "ref": null,
            "rendered": "Back To Dashboard",
            "type": "button",
          },
          "type": [Function],
        },
        "type": "div",
      },
    ],
    "type": "div",
  },
  Symbol(enzyme.__nodes__): Array [
    Object {
      "instance": null,
      "key": undefined,
      "nodeType": "host",
      "props": Object {
        "children": Array [
          <img
            className="notfound"
            src="test-file-stub"
          />,
          <div
            className="text-center"
          >
            <Link
              replace={false}
              to="/dashboard"
            >
              <button
                className="button_1 text-center"
              >
                Back To Dashboard
              </button>
            </Link>
          </div>,
        ],
        "className": "text-center",
      },
      "ref": null,
      "rendered": Array [
        Object {
          "instance": null,
          "key": undefined,
          "nodeType": "host",
          "props": Object {
            "className": "notfound",
            "src": "test-file-stub",
          },
          "ref": null,
          "rendered": null,
          "type": "img",
        },
        Object {
          "instance": null,
          "key": undefined,
          "nodeType": "host",
          "props": Object {
            "children": <Link
              replace={false}
              to="/dashboard"
            >
              <button
                className="button_1 text-center"
              >
                Back To Dashboard
              </button>
            </Link>,
            "className": "text-center",
          },
          "ref": null,
          "rendered": Object {
            "instance": null,
            "key": undefined,
            "nodeType": "class",
            "props": Object {
              "children": <button
                className="button_1 text-center"
              >
                Back To Dashboard
              </button>,
              "replace": false,
              "to": "/dashboard",
            },
            "ref": null,
            "rendered": Object {
              "instance": null,
              "key": undefined,
              "nodeType": "host",
              "props": Object {
                "children": "Back To Dashboard",
                "className": "button_1 text-center",
              },
              "ref": null,
              "rendered": "Back To Dashboard",
              "type": "button",
            },
            "type": [Function],
          },
          "type": "div",
        },
      ],
      "type": "div",
    },
  ],
  Symbol(enzyme.__options__): Object {
    "adapter": ReactSixteenAdapter {
      "options": Object {
        "enableComponentDidUpdateOnSetState": true,
        "legacyContextMode": "parent",
        "lifecycles": Object {
          "componentDidUpdate": Object {
            "onSetState": true,
          },
          "getChildContext": Object {
            "calledByRenderer": false,
          },
          "getDerivedStateFromProps": true,
          "getSnapshotBeforeUpdate": true,
          "setState": Object {
            "skipsComponentDidUpdateOnNullish": true,
          },
        },
      },
    },
  },
}
`;
