// Jest Snapshot v1, https://goo.gl/fbAQLP

exports[`<Products /> renders the Products component correctly 1`] = `
ShallowWrapper {
  Symbol(enzyme.__root__): [Circular],
  Symbol(enzyme.__unrendered__): <Connect(Products)
    auth={
      Object {
        "addMatchers": [Function],
        "advanceTimersByTime": [Function],
        "autoMockOff": [Function],
        "autoMockOn": [Function],
        "clearAllMocks": [Function],
        "clearAllTimers": [Function],
        "deepUnmock": [Function],
        "disableAutomock": [Function],
        "doMock": [Function],
        "dontMock": [Function],
        "enableAutomock": [Function],
        "fn": [Function],
        "genMockFromModule": [Function],
        "isMockFunction": [Function],
        "mock": [Function],
        "requireActual": [Function],
        "requireMock": [Function],
        "resetAllMocks": [Function],
        "resetModuleRegistry": [Function],
        "resetModules": [Function],
        "restoreAllMocks": [Function],
        "retryTimes": [Function],
        "runAllImmediates": [Function],
        "runAllTicks": [Function],
        "runAllTimers": [Function],
        "runOnlyPendingTimers": [Function],
        "runTimersToTime": [Function],
        "setMock": [Function],
        "setTimeout": [Function],
        "spyOn": [Function],
        "unmock": [Function],
        "useFakeTimers": [Function],
        "useRealTimers": [Function],
      }
    }
    deleteProduct={[MockFunction]}
    errors={
      Object {
        "addMatchers": [Function],
        "advanceTimersByTime": [Function],
        "autoMockOff": [Function],
        "autoMockOn": [Function],
        "clearAllMocks": [Function],
        "clearAllTimers": [Function],
        "deepUnmock": [Function],
        "disableAutomock": [Function],
        "doMock": [Function],
        "dontMock": [Function],
        "enableAutomock": [Function],
        "fn": [Function],
        "genMockFromModule": [Function],
        "isMockFunction": [Function],
        "mock": [Function],
        "requireActual": [Function],
        "requireMock": [Function],
        "resetAllMocks": [Function],
        "resetModuleRegistry": [Function],
        "resetModules": [Function],
        "restoreAllMocks": [Function],
        "retryTimes": [Function],
        "runAllImmediates": [Function],
        "runAllTicks": [Function],
        "runAllTimers": [Function],
        "runOnlyPendingTimers": [Function],
        "runTimersToTime": [Function],
        "setMock": [Function],
        "setTimeout": [Function],
        "spyOn": [Function],
        "unmock": [Function],
        "useFakeTimers": [Function],
        "useRealTimers": [Function],
      }
    }
    getProducts={[MockFunction]}
    products={
      Object {
        "addMatchers": [Function],
        "advanceTimersByTime": [Function],
        "autoMockOff": [Function],
        "autoMockOn": [Function],
        "clearAllMocks": [Function],
        "clearAllTimers": [Function],
        "deepUnmock": [Function],
        "disableAutomock": [Function],
        "doMock": [Function],
        "dontMock": [Function],
        "enableAutomock": [Function],
        "fn": [Function],
        "genMockFromModule": [Function],
        "isMockFunction": [Function],
        "mock": [Function],
        "requireActual": [Function],
        "requireMock": [Function],
        "resetAllMocks": [Function],
        "resetModuleRegistry": [Function],
        "resetModules": [Function],
        "restoreAllMocks": [Function],
        "retryTimes": [Function],
        "runAllImmediates": [Function],
        "runAllTicks": [Function],
        "runAllTimers": [Function],
        "runOnlyPendingTimers": [Function],
        "runTimersToTime": [Function],
        "setMock": [Function],
        "setTimeout": [Function],
        "spyOn": [Function],
        "unmock": [Function],
        "useFakeTimers": [Function],
        "useRealTimers": [Function],
      }
    }
  />,
  Symbol(enzyme.__renderer__): Object {
    "batchedUpdates": [Function],
    "checkPropTypes": [Function],
    "getNode": [Function],
    "render": [Function],
    "simulateError": [Function],
    "simulateEvent": [Function],
    "unmount": [Function],
  },
  Symbol(enzyme.__node__): Object {
    "instance": null,
    "key": undefined,
    "nodeType": "function",
    "props": Object {
      "children": [Function],
    },
    "ref": null,
    "rendered": [Function],
    "type": Object {
      "$$typeof": Symbol(react.context),
      "_calculateChangedBits": null,
      "_context": Object {
        "$$typeof": Symbol(react.context),
        "Consumer": [Circular],
        "Provider": Object {
          "$$typeof": Symbol(react.provider),
          "_context": [Circular],
        },
        "_calculateChangedBits": null,
        "_currentRenderer": null,
        "_currentRenderer2": null,
        "_currentValue": null,
        "_currentValue2": null,
        "_threadCount": 0,
      },
    },
  },
  Symbol(enzyme.__nodes__): Array [
    Object {
      "instance": null,
      "key": undefined,
      "nodeType": "function",
      "props": Object {
        "children": [Function],
      },
      "ref": null,
      "rendered": [Function],
      "type": Object {
        "$$typeof": Symbol(react.context),
        "_calculateChangedBits": null,
        "_context": Object {
          "$$typeof": Symbol(react.context),
          "Consumer": [Circular],
          "Provider": Object {
            "$$typeof": Symbol(react.provider),
            "_context": [Circular],
          },
          "_calculateChangedBits": null,
          "_currentRenderer": null,
          "_currentRenderer2": null,
          "_currentValue": null,
          "_currentValue2": null,
          "_threadCount": 0,
        },
      },
    },
  ],
  Symbol(enzyme.__options__): Object {
    "adapter": ReactSixteenAdapter {
      "options": Object {
        "enableComponentDidUpdateOnSetState": true,
        "legacyContextMode": "parent",
        "lifecycles": Object {
          "componentDidUpdate": Object {
            "onSetState": true,
          },
          "getChildContext": Object {
            "calledByRenderer": false,
          },
          "getDerivedStateFromProps": true,
          "getSnapshotBeforeUpdate": true,
          "setState": Object {
            "skipsComponentDidUpdateOnNullish": true,
          },
        },
      },
    },
  },
  Symbol(enzyme.__childContext__): null,
}
`;

exports[`<Products /> should render productRecord if sales array is not empty 1`] = `
ShallowWrapper {
  Symbol(enzyme.__root__): [Circular],
  Symbol(enzyme.__unrendered__): <Connect(Products)
    auth={
      Object {
        "addMatchers": [Function],
        "advanceTimersByTime": [Function],
        "autoMockOff": [Function],
        "autoMockOn": [Function],
        "clearAllMocks": [Function],
        "clearAllTimers": [Function],
        "deepUnmock": [Function],
        "disableAutomock": [Function],
        "doMock": [Function],
        "dontMock": [Function],
        "enableAutomock": [Function],
        "fn": [Function],
        "genMockFromModule": [Function],
        "isMockFunction": [Function],
        "mock": [Function],
        "products": Array [
          Object {
            "id": 1,
            "name": "iphone",
          },
        ],
        "requireActual": [Function],
        "requireMock": [Function],
        "resetAllMocks": [Function],
        "resetModuleRegistry": [Function],
        "resetModules": [Function],
        "restoreAllMocks": [Function],
        "retryTimes": [Function],
        "runAllImmediates": [Function],
        "runAllTicks": [Function],
        "runAllTimers": [Function],
        "runOnlyPendingTimers": [Function],
        "runTimersToTime": [Function],
        "setMock": [Function],
        "setTimeout": [Function],
        "spyOn": [Function],
        "unmock": [Function],
        "useFakeTimers": [Function],
        "useRealTimers": [Function],
      }
    }
    deleteProduct={[MockFunction]}
    errors={
      Object {
        "addMatchers": [Function],
        "advanceTimersByTime": [Function],
        "autoMockOff": [Function],
        "autoMockOn": [Function],
        "clearAllMocks": [Function],
        "clearAllTimers": [Function],
        "deepUnmock": [Function],
        "disableAutomock": [Function],
        "doMock": [Function],
        "dontMock": [Function],
        "enableAutomock": [Function],
        "fn": [Function],
        "genMockFromModule": [Function],
        "isMockFunction": [Function],
        "mock": [Function],
        "products": Array [
          Object {
            "id": 1,
            "name": "iphone",
          },
        ],
        "requireActual": [Function],
        "requireMock": [Function],
        "resetAllMocks": [Function],
        "resetModuleRegistry": [Function],
        "resetModules": [Function],
        "restoreAllMocks": [Function],
        "retryTimes": [Function],
        "runAllImmediates": [Function],
        "runAllTicks": [Function],
        "runAllTimers": [Function],
        "runOnlyPendingTimers": [Function],
        "runTimersToTime": [Function],
        "setMock": [Function],
        "setTimeout": [Function],
        "spyOn": [Function],
        "unmock": [Function],
        "useFakeTimers": [Function],
        "useRealTimers": [Function],
      }
    }
    getProducts={[MockFunction]}
    products={
      Object {
        "addMatchers": [Function],
        "advanceTimersByTime": [Function],
        "autoMockOff": [Function],
        "autoMockOn": [Function],
        "clearAllMocks": [Function],
        "clearAllTimers": [Function],
        "deepUnmock": [Function],
        "disableAutomock": [Function],
        "doMock": [Function],
        "dontMock": [Function],
        "enableAutomock": [Function],
        "fn": [Function],
        "genMockFromModule": [Function],
        "isMockFunction": [Function],
        "mock": [Function],
        "products": Array [
          Object {
            "id": 1,
            "name": "iphone",
          },
        ],
        "requireActual": [Function],
        "requireMock": [Function],
        "resetAllMocks": [Function],
        "resetModuleRegistry": [Function],
        "resetModules": [Function],
        "restoreAllMocks": [Function],
        "retryTimes": [Function],
        "runAllImmediates": [Function],
        "runAllTicks": [Function],
        "runAllTimers": [Function],
        "runOnlyPendingTimers": [Function],
        "runTimersToTime": [Function],
        "setMock": [Function],
        "setTimeout": [Function],
        "spyOn": [Function],
        "unmock": [Function],
        "useFakeTimers": [Function],
        "useRealTimers": [Function],
      }
    }
  />,
  Symbol(enzyme.__renderer__): Object {
    "batchedUpdates": [Function],
    "checkPropTypes": [Function],
    "getNode": [Function],
    "render": [Function],
    "simulateError": [Function],
    "simulateEvent": [Function],
    "unmount": [Function],
  },
  Symbol(enzyme.__node__): Object {
    "instance": null,
    "key": undefined,
    "nodeType": "function",
    "props": Object {
      "children": [Function],
    },
    "ref": null,
    "rendered": [Function],
    "type": Object {
      "$$typeof": Symbol(react.context),
      "_calculateChangedBits": null,
      "_context": Object {
        "$$typeof": Symbol(react.context),
        "Consumer": [Circular],
        "Provider": Object {
          "$$typeof": Symbol(react.provider),
          "_context": [Circular],
        },
        "_calculateChangedBits": null,
        "_currentRenderer": null,
        "_currentRenderer2": null,
        "_currentValue": null,
        "_currentValue2": null,
        "_threadCount": 0,
      },
    },
  },
  Symbol(enzyme.__nodes__): Array [
    Object {
      "instance": null,
      "key": undefined,
      "nodeType": "function",
      "props": Object {
        "children": [Function],
      },
      "ref": null,
      "rendered": [Function],
      "type": Object {
        "$$typeof": Symbol(react.context),
        "_calculateChangedBits": null,
        "_context": Object {
          "$$typeof": Symbol(react.context),
          "Consumer": [Circular],
          "Provider": Object {
            "$$typeof": Symbol(react.provider),
            "_context": [Circular],
          },
          "_calculateChangedBits": null,
          "_currentRenderer": null,
          "_currentRenderer2": null,
          "_currentValue": null,
          "_currentValue2": null,
          "_threadCount": 0,
        },
      },
    },
  ],
  Symbol(enzyme.__options__): Object {
    "adapter": ReactSixteenAdapter {
      "options": Object {
        "enableComponentDidUpdateOnSetState": true,
        "legacyContextMode": "parent",
        "lifecycles": Object {
          "componentDidUpdate": Object {
            "onSetState": true,
          },
          "getChildContext": Object {
            "calledByRenderer": false,
          },
          "getDerivedStateFromProps": true,
          "getSnapshotBeforeUpdate": true,
          "setState": Object {
            "skipsComponentDidUpdateOnNullish": true,
          },
        },
      },
    },
  },
  Symbol(enzyme.__childContext__): null,
}
`;
