// Jest Snapshot v1, https://goo.gl/fbAQLP

exports[`<ViewSales /> renders the ViewSales component correctly 1`] = `
ShallowWrapper {
  Symbol(enzyme.__root__): [Circular],
  Symbol(enzyme.__unrendered__): <ViewSales
    errors={
      Object {
        "addMatchers": [Function],
        "advanceTimersByTime": [Function],
        "autoMockOff": [Function],
        "autoMockOn": [Function],
        "clearAllMocks": [Function],
        "clearAllTimers": [Function],
        "deepUnmock": [Function],
        "disableAutomock": [Function],
        "doMock": [Function],
        "dontMock": [Function],
        "enableAutomock": [Function],
        "fn": [Function],
        "genMockFromModule": [Function],
        "isMockFunction": [Function],
        "mock": [Function],
        "requireActual": [Function],
        "requireMock": [Function],
        "resetAllMocks": [Function],
        "resetModuleRegistry": [Function],
        "resetModules": [Function],
        "restoreAllMocks": [Function],
        "retryTimes": [Function],
        "runAllImmediates": [Function],
        "runAllTicks": [Function],
        "runAllTimers": [Function],
        "runOnlyPendingTimers": [Function],
        "runTimersToTime": [Function],
        "setMock": [Function],
        "setTimeout": [Function],
        "spyOn": [Function],
        "unmock": [Function],
        "useFakeTimers": [Function],
        "useRealTimers": [Function],
      }
    }
    sales={
      Object {
        "sales": Array [],
      }
    }
    viewSales={
      [MockFunction] {
        "calls": Array [
          Array [],
        ],
        "results": Array [
          Object {
            "isThrow": false,
            "value": undefined,
          },
        ],
      }
    }
  />,
  Symbol(enzyme.__renderer__): Object {
    "batchedUpdates": [Function],
    "checkPropTypes": [Function],
    "getNode": [Function],
    "render": [Function],
    "simulateError": [Function],
    "simulateEvent": [Function],
    "unmount": [Function],
  },
  Symbol(enzyme.__node__): Object {
    "instance": null,
    "key": undefined,
    "nodeType": "host",
    "props": Object {
      "children": <div
        className="topmargin"
      >
        <h1
          className="text-center"
        >
          No Sales Have Been Made.
        </h1>
      </div>,
      "id": "main",
    },
    "ref": null,
    "rendered": Object {
      "instance": null,
      "key": undefined,
      "nodeType": "host",
      "props": Object {
        "children": <h1
          className="text-center"
        >
          No Sales Have Been Made.
        </h1>,
        "className": "topmargin",
      },
      "ref": null,
      "rendered": Object {
        "instance": null,
        "key": undefined,
        "nodeType": "host",
        "props": Object {
          "children": "No Sales Have Been Made.",
          "className": "text-center",
        },
        "ref": null,
        "rendered": "No Sales Have Been Made.",
        "type": "h1",
      },
      "type": "div",
    },
    "type": "div",
  },
  Symbol(enzyme.__nodes__): Array [
    Object {
      "instance": null,
      "key": undefined,
      "nodeType": "host",
      "props": Object {
        "children": <div
          className="topmargin"
        >
          <h1
            className="text-center"
          >
            No Sales Have Been Made.
          </h1>
        </div>,
        "id": "main",
      },
      "ref": null,
      "rendered": Object {
        "instance": null,
        "key": undefined,
        "nodeType": "host",
        "props": Object {
          "children": <h1
            className="text-center"
          >
            No Sales Have Been Made.
          </h1>,
          "className": "topmargin",
        },
        "ref": null,
        "rendered": Object {
          "instance": null,
          "key": undefined,
          "nodeType": "host",
          "props": Object {
            "children": "No Sales Have Been Made.",
            "className": "text-center",
          },
          "ref": null,
          "rendered": "No Sales Have Been Made.",
          "type": "h1",
        },
        "type": "div",
      },
      "type": "div",
    },
  ],
  Symbol(enzyme.__options__): Object {
    "adapter": ReactSixteenAdapter {
      "options": Object {
        "enableComponentDidUpdateOnSetState": true,
        "legacyContextMode": "parent",
        "lifecycles": Object {
          "componentDidUpdate": Object {
            "onSetState": true,
          },
          "getChildContext": Object {
            "calledByRenderer": false,
          },
          "getDerivedStateFromProps": true,
          "getSnapshotBeforeUpdate": true,
          "setState": Object {
            "skipsComponentDidUpdateOnNullish": true,
          },
        },
      },
    },
  },
}
`;
